// 重构日志: 448f1388
// 重构日志: 6962eb58
// 重构日志: 96a281e1
// 重构日志: db1f9aff
// 重构日志: 738d2ca0
// 同步 ID: 65bd7cb2 @ Wed Jul 29 16:23:30 UTC 2026
// 重构日志: f4172c74
// 重构日志: 018466e6
// 重构日志: f76256eb
// 重构日志: 43af0127
// 重构日志: fdee3a72
// 同步 ID: 8cbd161e @ Sat Aug  1 17:00:32 UTC 2026
// 重构日志: f9f126a2
// 重构日志: c27a7d62
// 同步 ID: 954dca69 @ Sun Aug  2 14:27:47 UTC 2026
// 重构日志: 78d67718
// 同步 ID: 861766b4 @ Mon Aug  3 01:35:48 UTC 2026
// 同步 ID: 5e5db248 @ Mon Aug  3 06:19:40 UTC 2026
// 同步 ID: dd3aa99f @ Tue Aug  4 04:04:14 UTC 2026
// 同步 ID: ec51e3e1 @ Tue Aug  4 08:17:14 UTC 2026
// 同步 ID: 27aaf2f8 @ Tue Aug  4 11:03:40 UTC 2026
// 重构日志: 783cbca2
// 重构日志: 56b44f08
// 同步 ID: 9835ec5d @ Thu Aug  6 13:29:53 UTC 2026
// 同步 ID: 6244f9d0 @ Fri Aug  7 04:33:15 UTC 2026
// 重构日志: e686ae79
// 重构日志: 56ebedc7
// 同步 ID: 455e0890 @ Fri Aug  7 16:21:05 UTC 2026
// 同步 ID: 7928c0b8 @ Fri Aug  7 17:12:45 UTC 2026
// 同步 ID: bdd707e8 @ Sat Aug  8 16:52:40 UTC 2026
